
// directory tree
$ git clone https://github.com/preservim/nerdtree.git ~/.vim/pack/vendor/start/nerdtree
$ vim -u NONE -c "helptags ~/.vim/pack/vendor/start/nerdtree/doc" -c q

// symbol outline
$ git clone https://github.com/preservim/tagbar.git ~/.vim/pack/vendor/start/tagbar
$ vim -u NONE -c "helptags ~/.vim/pack/vendor/start/tagbar/doc" -c q

// automatic ctags manager
$ git clone https://github.com/ludovicchabant/vim-gutentags.git ~/.vim/pack/vendor/start/gutentags
$ vim -u NONE -c "helptags ~/.vim/pack/vendor/start/gutentags/doc" -c q

// jump to definition
$ git clone https://github.com/universal-ctags/ctags.git
$ cd ctags && ./autogen && ./configure && make && make install
$

$
$
$ cat .vimrc
set autoindent
set expandtab
set hlsearch
set incsearch
set noerrorbells
set novisualbell
set nowrapscan
set number
set shiftwidth=4
set t_vb=
set tabstop=4
set updatetime=100
filetype on
syntax off

" NERDTree
autocmd BufEnter * if tabpagenr('$') == 1 && winnr('$') == 1 && exists('b:NERDTree') && b:NERDTree.isTabTree() | quit | endif
autocmd BufEnter * if winnr('$') == 1 && exists('b:NERDTree') && b:NERDTree.isTabTree() | quit | endif
autocmd VimEnter * NERDTree
let g:NERDTreeNodeDelimiter = "\u00a0"
nnoremap <C-n> :NERDTreeToggle<CR>
nnoremap <C-f> :NERDTreeFind<CR>

" tagbar
let g:tagbar_sort = 0
nmap <F8> :TagbarToggle<CR>

" gutentags: ctags: Ctrl-], Ctrl-t
" mkdir ~/project_root_dir/.git
let g:gutentags_add_default_project_roots = 1

$
$
